[    8373ms] [LOG] Starting Moodle session timeout warning. @ https://sental.kz/lib/requirejs.php/1790020340/core/first.js:1143
[    9382ms] [VERBOSE] [DOM] Password forms should have (optionally hidden) username fields for accessibility: (More info: https://goo.gl/9p2vKq) %o @ https://sental.kz/login/index.php:0
[ 1190567ms] [LOG] Starting Moodle session timeout warning. @ https://sental.kz/lib/requirejs.php/1790021856/core/first.js:1143
[ 1191474ms] [VERBOSE] [DOM] Password forms should have (optionally hidden) username fields for accessibility: (More info: https://goo.gl/9p2vKq) %o @ https://sental.kz/login/index.php:0
[ 1270233ms] [WARNING] Allow attribute will take precedence over 'allowfullscreen'. @ https://sental.kz/mod/quiz/module.js?v=ca974a217f004b1c3ea55d3d0fa6aed17fa2a1a5faaf667524304da63bdc2be9:2445
[ 1271714ms] [LOG] Not starting Moodle session timeout warning in this iframe. @ https://sental.kz/lib/requirejs.php/1790021856/core/first.js:1143
[ 1272776ms] [ERROR] Failed to load resource: the server responded with a status of 404 () @ https://sental.kz/favicon.ico:0
[ 1277823ms] [LOG] Not starting Moodle session timeout warning in this iframe. @ https://sental.kz/lib/requirejs.php/1790021856/core/first.js:1143
[ 1282656ms] [LOG] Not starting Moodle session timeout warning in this iframe. @ https://sental.kz/lib/requirejs.php/1790021856/core/first.js:1143
[ 1286951ms] [LOG] Starting Moodle session timeout warning. @ https://sental.kz/lib/requirejs.php/1790021856/core/first.js:1143
[ 1290807ms] [LOG] Starting Moodle session timeout warning. @ https://sental.kz/lib/requirejs.php/1790021856/core/first.js:1143
[ 1294284ms] [LOG] Starting Moodle session timeout warning. @ https://sental.kz/lib/requirejs.php/1790021856/core/first.js:1143
[ 1297918ms] [LOG] Starting Moodle session timeout warning. @ https://sental.kz/lib/requirejs.php/1790021856/core/first.js:1143
[ 1301450ms] [LOG] Starting Moodle session timeout warning. @ https://sental.kz/lib/requirejs.php/1790021856/core/first.js:1143
[ 1303282ms] [LOG] Starting Moodle session timeout warning. @ https://sental.kz/lib/requirejs.php/1790021856/core/first.js:1143
[ 1307903ms] [LOG] Starting Moodle session timeout warning. @ https://sental.kz/lib/requirejs.php/1790021856/core/first.js:1143
[ 1310504ms] [LOG] Starting Moodle session timeout warning. @ https://sental.kz/lib/requirejs.php/1790021856/core/first.js:1143
[ 1312959ms] [LOG] Starting Moodle session timeout warning. @ https://sental.kz/lib/requirejs.php/1790021856/core/first.js:1143
[ 1316582ms] TypeError: Cannot read properties of undefined (reading 'querySelectorAll')
    at https://sental.kz/lib/requirejs.php/1790021856/core/first.js:2743:9250
    at Object.init (https://sental.kz/lib/requirejs.php/1790021856/core/first.js:2743:12058)
    at https://sental.kz/course/view.php?id=43:1053:19
    at Object.execCb (https://sental.kz/lib/javascript.php/1790021856/lib/requirejs/require.min.js:5:16630)
    at e.check (https://sental.kz/lib/javascript.php/1790021856/lib/requirejs/require.min.js:5:10458)
    at e.enable (https://sental.kz/lib/javascript.php/1790021856/lib/requirejs/require.min.js:5:13169)
    at e.init (https://sental.kz/lib/javascript.php/1790021856/lib/requirejs/require.min.js:5:9565)
    at https://sental.kz/lib/javascript.php/1790021856/lib/requirejs/require.min.js:5:15018
[ 1316607ms] [LOG] Starting Moodle session timeout warning. @ https://sental.kz/lib/requirejs.php/1790021856/core/first.js:1143
[ 1318357ms] [LOG] Starting Moodle session timeout warning. @ https://sental.kz/lib/requirejs.php/1790021856/core/first.js:1143
[ 1320133ms] [WARNING] Allow attribute will take precedence over 'allowfullscreen'. @ https://sental.kz/mod/quiz/module.js?v=ca974a217f004b1c3ea55d3d0fa6aed17fa2a1a5faaf667524304da63bdc2be9:2445
[ 1321755ms] [LOG] Not starting Moodle session timeout warning in this iframe. @ https://sental.kz/lib/requirejs.php/1790021856/core/first.js:1143
[ 1354389ms] [WARNING] Allow attribute will take precedence over 'allowfullscreen'. @ https://sental.kz/mod/quiz/module.js?v=ca974a217f004b1c3ea55d3d0fa6aed17fa2a1a5faaf667524304da63bdc2be9:2445
[ 1355986ms] [LOG] Not starting Moodle session timeout warning in this iframe. @ https://sental.kz/lib/requirejs.php/1790021856/core/first.js:1143
[ 1799397ms] [ERROR] Failed to load resource: the server responded with a status of 404 () @ https://sental.kz/favicon.ico:0
